// Vitest Snapshot v1, https://vitest.dev/guide/snapshot.html

exports[`<Form /> > should match the snapshot 1`] = `
<div>
  <div
    class="text-2xl text-center"
  >
    You must click on
     
    <button
      class="p-2 border rounded-xl border-slate-400 bg-slate-300"
      type="button"
    >
      ðŸ˜€ Get ID
       
    </button>
     
    to rate...
  </div>
</div>
`;
