// Vitest Snapshot v1, https://vitest.dev/guide/snapshot.html

exports[`<MyListPage /> > should match the snapshot 1`] = `
<div>
  <div
    class="mt-5 text-5xl text-center"
  >
    Loading ...
  </div>
</div>
`;
